[globalSetup] Checking SAP connectivity: http://epbyminsd0654.epam.com:8000 (onprem) (up to 30000ms; SKIP_SAP_PREFLIGHT=1 to skip, SAP_PREFLIGHT_TIMEOUT_MS to change) ...
[globalSetup] session 5fed41e2-786c-41e8-8d10-36c490d6f5e4 — shared by every test file
[globalSetup] SAP connection OK
[1] ▶ START ClassExecutor - run :: run
  → run
  → run output: Hello World 1 Hello World 2 Hello World 3 Hello World 4 Hello World 5 ZAC_SHR_RUN01=>run_probe( ) = 1
[1] ✓ PASS ClassExecutor - run (0.1s)
[1] ✓ END ClassExecutor - run

[2] ▶ START ClassExecutor - runWithProfiling :: run_with_profiling
  → warm-up run before profiling
  → schedule a trace + run with profiler
  → run output: Hello World 1 Hello World 2 Hello World 3 Hello World 4 Hello World 5 ZAC_SHR_RUN01=>run_probe( ) = 1
  → wait for the trace this run produced
  → read all three views
PASS src/__tests__/integration/executors/class/ClassExecutor.test.ts
  → trace BA90816AA52411F1B5CA0CC47A1E68C1: hitlist=11 rows, statements=15, dbAccesses=2
[2] ✓ PASS ClassExecutor - runWithProfiling (1.1s)
[2] ✓ END ClassExecutor - runWithProfiling

[1] ▶ START ProgramExecutor - run :: run
  → run
  → run output: 31.08.2026 Shared runnable program for executor/profiler run tests 1 -----------------------------------------------------------------------...
[1] ✓ PASS ProgramExecutor - run (0.1s)
[1] ✓ END ProgramExecutor - run

[2] ▶ START ProgramExecutor - runWithProfiling :: run_with_profiling
  → create trace parameters + run with profiler
  → run output: 31.08.2026 Shared runnable program for executor/profiler run tests 1 -----------------------------------------------------------------------...; profilerId=/sap/bc/adt/runtime/traces/abaptraces/parameters/0CC47A1E68C11FE1A9A4977391A835CA
  → poll for the trace this run produced
  → traceId=BB9C8D43A52411F1B5CA0CC47A1E68C1
  → read all three views
PASS src/__tests__/integration/executors/program/ProgramExecutor.test.ts
  → trace BB9C8D43A52411F1B5CA0CC47A1E68C1: hitlist=25 rows, statements=28, dbAccesses=2
[2] ✓ PASS ProgramExecutor - runWithProfiling (1.0s)
[2] ✓ END ProgramExecutor - runWithProfiling

[1] ▶ START Profiler Traces - list endpoints :: adt_profiler_traces
  → list profiler traces
  → list trace requests (the schedule)
  → list profiler object types
  → list profiler process types
[1] ✓ PASS Profiler Traces - list endpoints (0.5s)
[1] ✓ END Profiler Traces - list endpoints

[2] ▶ START Profiler Traces - create parameters :: adt_profiler_traces
  → create profiler trace parameters with defaults (POST)
  → trace request id: /sap/bc/adt/runtime/traces/abaptraces/parameters/0CC47A1E68C11FE1A9A4979E4460F5CA
[2] ✓ PASS Profiler Traces - create parameters (0.1s)
[2] ✓ END Profiler Traces - create parameters

[3] ▶ START Profiler Traces - run with profiling :: adt_profiler_traces
  → run shared class ZAC_SHR_RUN01 with profiling
  → run output: Hello World 1 Hello World 2 Hello World 3 Hello World 4 Hello World 5 ZAC_SHR_RUN01=>run_probe( ) = 1
  → profilerId=/sap/bc/adt/runtime/traces/abaptraces/parameters/0CC47A1E68C11FE1A9A4979E446155CA; waiting for the trace
[3] ✓ PASS Profiler Traces - run with profiling (0.6s)
[3] ✓ END Profiler Traces - run with profiling

[4] ▶ START Profiler Traces - discover traces :: adt_profiler_traces
  → using trace id from profiled run: BCF2230CA52411F1B5CA0CC47A1E68C1
[4] ✓ PASS Profiler Traces - discover traces (0.0s)
[4] ✓ END Profiler Traces - discover traces

[5] ▶ START Profiler Traces - read trace details :: adt_profiler_traces
  → read trace hitlist for BCF2230CA52411F1B5CA0CC47A1E68C1
  → read trace hitlist with system events for BCF2230CA52411F1B5CA0CC47A1E68C1
  → read trace statements for BCF2230CA52411F1B5CA0CC47A1E68C1
  → read trace db accesses for BCF2230CA52411F1B5CA0CC47A1E68C1
PASS src/__tests__/integration/runtime/traces/ProfilerTraces.test.ts

Test Suites: 3 passed, 3 total
Tests:       10 passed, 10 total
Snapshots:   0 total
Time:        6.122 s, estimated 28 s
Ran all test suites matching integration/executors|integration/runtime/traces.
[globalTeardown] shared session released
Force exiting Jest: Have you considered using `--detectOpenHandles` to detect async operations that kept running after all tests finished?
